ExpansionTraderIrena.Aircraft|11860.658203 140.096113 12446.047852|120.842354 0.0 0.0|ZSh3PilotHelmet_Green,PilotJacket_Brown,CargoPants_Green,TTSKOBoots,OMNOGloves_Grey,AviatorGlasses,UKAssVest_Khaki,Armband_Blue,Shemag_Green
ExpansionTraderFrancis.Attachments|11835.953125 140.564835 12474.465820|104.953003 0.0 0.0|PolicePantsOrel,BushlatPoliceJacket_Blue,JungleBoots_Black,Ushanka_Black,TacticalGloves_Black,PoliceVest,Armband_Blue,Balaclava3Holes_Black
ExpansionTraderLinda.BuildingSupplies|11851.240234 140.559097 12472.437500|-61.497803 0.0 0.0|FirefighterJacket_Beige,FirefightersPants_Beige,WorkingBoots_Brown,OMNOGloves_Brown,BalaclavaMask_Blackskull,Firefightershelmet_Red,Armband_Blue
ExpansionTraderCyril.Clothing|11853.326172 140.559479 12465.861328|50.364391 0.0 0.0|GorkaPants_Winter,ColdOperationBoots_Camo,GorkaEJacket_Winter,BallisticHelmet_Winter,TacticalGloves_Black,Balaclava3Holes_Green,SmershVest,Armband_Blue
ExpansionTraderGuo.Clothing_Accessories|11854.829102 140.559982 12470.673828|145.074768 0.0 0.0|Shirt_RedCheck,Jeans_Blue,HikingBoots_Brown,DarkMotoHelmet_YellowScarred,Armband_Blue,PressVest_LightBlue
ExpansionTraderEva.Consumables|11842.769531 140.565079 12462.639648|6.513033 0.0 0.0|HuntingJacket_Winter,Jeans_Blue,TTSKOBoots,Headdress_Wolf,Armband_Blue,BalaclavaMask_Black,LeatherGloves_Brown,ChestHolster
ExpansionTraderKeiko.Medicals|11861.1 140.135 12435.6|0.0610104 0.0 0.0|Labcoat,ParamedicPants_Blue,SurgicalGloves_Blue,WorkingBoots_Brown,Armband_Blue,BalaclavaMask_Black,WitchHat
ExpansionTraderManua.Exchange|11858.168945 140.551987 12464.263672|23.593979 0.0 0.0|NBCBootsYellow,NBCHoodYellow,NBCPantsYellow,GasMask,NBCGlovesYellow,NBCJacketYellow,Armband_Blue,PressVest_Blue
ExpansionTraderGabi.Special|11849.978516 140.552063 12470.038086|-66.310570 0.0 0.0|HikingJacket_Red,CargoPants_Grey,WorkingBoots_Brown,Armband_Blue,BalaclavaMask_Black,SkiGoggles_BlackYellow,Sherpahat_red
ExpansionTraderManua.Spraycans|11875.765625 140.096085 12440.509766|-17.221806 0.0 0.0|TracksuitJacket_LightBlue,TrackSuitPants_LightBlue,AthleticShoes_Black,Armband_Blue,NioshFaceMask,BeanieHat_Black,WorkingGloves_Brown
ExpansionTraderElias.Vehicles|11873.833984 140.096085 12438.000000|-9.663847 0.0 0.0|JumpsuitJacket_Red,JumpsuitPants_Red,WorkingBoots_Brown,Armband_Blue,BalaclavaMask_Black,CowboyHat_Brown,WorkingGloves_Black
ExpansionTraderHassan.Vehicle_Parts|11869.021484 140.096091 12440.541016|53.273048 0.0 0.0|JumpsuitJacket_Gray,JumpsuitPants_Grey,WorkingBoots_Brown,Armband_Blue,BalaclavaMask_Black,TankerHelmet,OMNOGloves_Brown,
ExpansionTraderDenis.Weapons|11833.510742 140.464828 12468.436523|108.953033 0.0 0.0|MilitarySweater_NoPatch,GorkaPants_PautRev,JungleBoots_Black,Ssh68Helmet,PlateCarrierVest,TacticalGloves_Green,Armband_Blue,BalaclavaMask_Black