ExpansionTraderJudy.Aircraft|6492.384766 354.530640 6022.997559|-88.508080 0.000000 -0.000000|ZSh3PilotHelmet_Green,PilotJacket_Brown,CargoPants_Green,TTSKOBoots,OMNOGloves_Grey,AviatorGlasses,UKAssVest_Khaki,Armband_Blue,Shemag_Green
ExpansionTraderSeth.Attachments|6490.849121 354.524750 6033.651855|-88.508080 0.000000 -0.000000|PolicePants_Orel,MVS_Kurta2_1,JungleBoots_Black,MVS_Pakol_brown_Takistan,TacticalGloves_Black,PoliceVest,Armband_Blue,Balaclava3Holes_Black
ExpansionTraderNiki.BuildingSupplies|6465.748047 354.520538 6031.115723|91.491913 0.000000 -0.000000|MVS_Kurta3_1,FirefightersPants_Beige,WorkingBoots_Brown,OMNOGloves_Brown,BalaclavaMask_Blackskull,MVS_Pakol_grey,Armband_Blue
ExpansionTraderDenis.Clothing|6465.481445 354.536072 6019.810547|91.491913 0.000000 -0.000000|GorkaPants_Winter,ColdOperationBoots_Camo,MVS_Kurta_2,MVS_Pakol_black,TacticalGloves_Black,Balaclava3Holes_Green,SmershVest,Armband_Blue
ExpansionTraderMaria.Clothing_Accessories|6465.644043 354.536072 6025.574219|91.491913 0.000000 -0.000000|MVS_Kurta2_2,Jeans_Blue,HikingBoots_Brown,MVS_Turban_1,Armband_Blue,PressVest_LightBlue,,Shemag_Red
ExpansionTraderQuinn.Consumables|6465.376953 354.591858 6014.423340|91.491913 0.000000 -0.000000|MVS_Kurta3_2,Jeans_Blue,TTSKOBoots,MVS_Turban_2,Armband_Blue,BalaclavaMask_Black,LeatherGloves_Brown,ChestHolster
ExpansionTraderManua.Exchange|6479.289063 354.518799 6036.887207|-178.508087 0.000000 -0.000000|NBCBootsYellow,MVS_Turban_3,NBCPantsYellow,GasMask,NBCGlovesYellow,MVS_Kurta_3,Armband_Blue,PressVest_Blue
ExpansionTraderEva.Medicals|6465.060547 354.532532 6008.405762|91.456070 0.000000 -0.000000|Labcoat,ParamedicPants_Blue,SurgicalGloves_Blue,WorkingBoots_Brown,Armband_Blue,BalaclavaMask_Black,WitchHat
ExpansionTraderJose.Spraycans|6486.903320 354.532135 6010.593262|-151.508026 0.000000 -0.000000|MVS_Kurta3_3,TrackSuitPants_LightBlue,AthleticShoes_Black,Armband_Blue,NioshFaceMask,pakol_hat,WorkingGloves_Brown
ExpansionTraderLinda.Special|6490.977051 354.534546 6037.927734|-88.508080 0.000000 -0.000000|MVS_Kurta_4,CargoPants_Grey,WorkingBoots_Brown,Armband_Blue,BalaclavaMask_Black,SkiGoggles_BlackYellow,MVS_Pakol_brown_Takistan
ExpansionTraderRolf.Vehicles|6490.319824 354.530670 6006.672363|-88.508049 0.000000 -0.000000|JumpsuitJacket_Red,JumpsuitPants_Red,WorkingBoots_Brown,Armband_Blue,BalaclavaMask_Black,CowboyHat_Brown,WorkingGloves_Black
ExpansionTraderKeiko.Vehicle_Parts|6490.127930 354.547089 6000.992676|-79.508018 0.000000 -0.000000|JumpsuitJacket_Gray,JumpsuitPants_Grey,WorkingBoots_Brown,Armband_Blue,BalaclavaMask_Black,TankerHelmet,OMNOGloves_Brown,
ExpansionTraderNaomi.Weapons|6490.759766 354.560730 6029.362793|-88.508049 0.000000 -0.000000|MVS_Kurta_5,GorkaPants_PautRev,JungleBoots_Black,MVS_Turban_1,PlateCarrierVest,TacticalGloves_Green,Armband_Blue,BalaclavaMask_Black
ExpansionTraderBaty.Boats|4410.525879 3.831102 12023.507813|-119.772850 -0.001833 0.000798|NavyUniformPants,MVS_Kurta2_5,Wellies_Black,MVS_Turban_2,WorkingGloves_Black,Armband_Blue
ExpansionTraderFrancis.Fishing|4402.774414 3.693830 12028.313477|174.736267 0.000049 -0.000003|MVS_Kurta3_5,Jeans_Blue,HikingBoots_Brown,MVS_Turban_3,WorkingGloves_Brown,Shemag_White,Armband_Blue