ExpansionTraderJudy.Aircraft|6488.677246 354.534546 6021.337891|-89.452888 0 0|ZSh3PilotHelmet_Green,PilotJacket_Brown,CargoPants_Green,TTSKOBoots,OMNOGloves_Grey,AviatorGlasses,UKAssVest_Khaki,Armband_Blue,Shemag_Green
ExpansionTraderSeth.Attachments|6490.849121 354.52475 6033.651855|-88.50808 0 0|PolicePants_Orel,MVS_Kurta2_1,JungleBoots_Black,MVS_Pakol_brown_Takistan,TacticalGloves_Black,Armband_Blue,Balaclava3Holes_Black,UKAssVest_Black
ExpansionTraderNiki.BuildingSupplies|6465.748047 354.520538 6031.115723|91.491913 0 0|MVS_Kurta3_1,jeans_bluedark,WorkingBoots_Brown,workinggloves_beige,WeldingMask,Armband_Blue
ExpansionTraderLewis.Clothing|6465.623047 354.539001 6020.029785|90 0 0|MVS_Kurta_5,jeans_blue,athleticshoes_green,MVS_Turban_1,Armband_Blue,FaceCover_Improvised
ExpansionTraderMaria.Clothing_Accessories|6465.746094 354.503998 6025.004395|90 0 0|MVS_Kurta2_2,Jeans_Blue,HikingBoots_Brown,DarkMotoHelmet_Black,Armband_Blue
ExpansionTraderQuinn.Consumables|6465.69873 354.521881 6014.900391|90 0 0|MVS_Kurta3_2,Jeans_Blue,TTSKOBoots,MVS_Turban_2,Armband_Blue,BalaclavaMask_Black,LeatherGloves_Brown,ChestHolster
ExpansionTraderManua.Exchange|6478.941895 354.508453 6036.699707|-179.999969 0 0|mansuit_black,dressshoes_black,slackspants_black,Armband_Blue,platecarriervest_black,balaclavamask_black,gorkahelmet_black,skigoggles_blackyellow
ExpansionTraderEva.Medicals|6468.958008 354.538971 5999.378906|0 0 0|Labcoat,jeans_black,SurgicalGloves_Blue,armband_blue,ballistichelmet_un,nioshfacemask
ExpansionTraderJose.Spraycans|6486.90332 354.532135 6010.593262|-151.508026 0 0|MVS_Kurta3_3,TrackSuitPants_LightBlue,AthleticShoes_Black,Armband_Blue,NioshFaceMask,pakol_hat,WorkingGloves_Brown
ExpansionTraderLinda.Special|6490.977051 354.534546 6037.927734|-88.50808 0 0|womansuit_black,cargopants_black,WorkingBoots_Brown,Armband_Blue,baseballcap_black,shemag_red
ExpansionTraderRolf.Vehicles|6490.319824 354.53067 6006.672363|-88.508049 0 0|tshirt_redblackstripes,JumpsuitPants_Red,WorkingBoots_Brown,Armband_Blue,CowboyHat_Brown,WorkingGloves_Black,bandana_blackpattern
ExpansionTraderKeiko.Vehicle_Parts|6490.12793 354.547089 6000.992676|-79.508018 0 0|JumpsuitJacket_Gray,JumpsuitPants_Grey,WorkingBoots_Brown,Armband_Blue,BalaclavaMask_Black,TankerHelmet,OMNOGloves_Brown
ExpansionTraderNaomi.Weapons|6490.759766 354.56073 6029.362793|-88.508049 0 0|ttskopants,ttskoboots,shirt_redcheck,ballistichelmet_black,TacticalGloves_Black,Balaclava3Holes_Green,SmershVest,Armband_Blue
ExpansionTraderBaty.Boats|4410.525879 3.831102 12023.507813|-119.77285 -0.001833 0.000798|NavyUniformPants,MVS_Kurta2_5,Wellies_Black,MVS_Turban_2,WorkingGloves_Black,Armband_Blue
ExpansionTraderFrancis.Fishing|4402.774414 3.69383 12028.313477|174.736267 0.000049 -0.03|MVS_Kurta3_5,Jeans_Blue,HikingBoots_Brown,MVS_Turban_3,WorkingGloves_Brown,Shemag_White,Armband_Blue
ExpansionTraderLewis.Event|6474.539063 354.534576 6036.671387|179.999969 0 0|Armband_Blue,bags_baseballcap_urb,bags_Shemag_KufiyaWhiteRed,JungleBoots_Black,bags_CargoPants_URB,bags_TacticalShirt_URB,PlateCarrierVest_Green,OMNOGloves_Brown