ExpansionTraderJudy.Aircraft|1831.900024 18.744522 7886.079102|-18.000004 0.000000 -0.000000|ZSh3PilotHelmet_Green,PilotJacket_Brown,CargoPants_Green,TTSKOBoots,OMNOGloves_Grey,AviatorGlasses,UKAssVest_Khaki,Armband_Blue,Shemag_Green
ExpansionTraderSeth.Attachments|1840.938110 18.744522 7890.916016|-18.000004 0.000000 -0.000000|PolicePants_Orel,BushlatPoliceJacket_Blue,JungleBoots_Black,Ushanka_Black,TacticalGloves_Black,PoliceVest,Armband_Blue,Balaclava3Holes_Black
ExpansionTraderNiki.BuildingSupplies|1830.663574 18.746689 7913.900391|161.999985 0.000000 -0.000000|FirefighterJacket_Beige,FirefightersPants_Beige,WorkingBoots_Brown,OMNOGloves_Brown,BalaclavaMask_Blackskull,Firefightershelmet_Red,Armband_Blue
ExpansionTraderDenis.Clothing|1819.915771 18.746687 7910.381836|161.999985 0.000000 -0.000000|GorkaPants_Winter,ColdOperationBoots_Camo,GorkaEJacket_Winter,BallisticHelmet_Winter,TacticalGloves_Black,Balaclava3Holes_Green,SmershVest,Armband_Blue
ExpansionTraderMaria.Clothing_Accessories|1825.403687 18.744940 7912.147949|161.999985 0.000000 -0.000000|Shirt_RedCheck,Jeans_Blue,HikingBoots_Brown,DarkMotoHelmet_YellowScarred,Armband_Blue,PressVest_LightBlue
ExpansionTraderQuinn.Consumables|1814.802368 18.745729 7908.678223|161.999985 0.000000 -0.000000|HuntingJacket_Winter,Jeans_Blue,TTSKOBoots,Headdress_Wolf,Armband_Blue,BalaclavaMask_Black,LeatherGloves_Brown,ChestHolster
ExpansionTraderManua.Exchange|1840.455688 18.750381 7902.983398|-107.999992 0.000000 -0.000000|NBCBootsYellow,NBCHoodYellow,NBCPantsYellow,GasMask,NBCGlovesYellow,NBCJacketYellow,Armband_Blue,PressVest_Blue
ExpansionTraderEva.Medicals|1809.027466 18.740881 7906.969727|161.964127 0.000000 -0.000000|Labcoat,ParamedicPants_Blue,SurgicalGloves_Blue,WorkingBoots_Brown,Armband_Blue,BalaclavaMask_Black,WitchHat
ExpansionTraderJose.Spraycans|1818.377197 18.741432 7887.109863|-81.000000 0.000000 -0.000000|TracksuitJacket_LightBlue,TrackSuitPants_LightBlue,AthleticShoes_Black,Armband_Blue,NioshFaceMask,BeanieHat_Black,WorkingGloves_Brown
ExpansionTraderLinda.Special|1845.060425 18.754597 7892.238281|-18.000004 0.000000 -0.000000|HikingJacket_Red,CargoPants_Grey,WorkingBoots_Brown,Armband_Blue,BalaclavaMask_Black,SkiGoggles_BlackYellow,Sherpahat_red
ExpansionTraderRolf.Vehicles|1815.819336 18.757694 7882.584473|-18.000002 0.000000 -0.000000|JumpsuitJacket_Red,JumpsuitPants_Red,WorkingBoots_Brown,Armband_Blue,BalaclavaMask_Black,CowboyHat_Brown,WorkingGloves_Black
ExpansionTraderKeiko.Vehicle_Parts|1810.402100 18.747250 7880.871094|-9.000001 0.000000 -0.000000|JumpsuitJacket_Gray,JumpsuitPants_Grey,WorkingBoots_Brown,Armband_Blue,BalaclavaMask_Black,TankerHelmet,OMNOGloves_Brown,
ExpansionTraderNaomi.Weapons|1836.951294 18.744522 7889.594238|-18.000002 0.000000 -0.000000|MilitarySweater_NoPatch,GorkaPants_PautRev,JungleBoots_Black,Ssh68Helmet,PlateCarrierVest,TacticalGloves_Green,Armband_Blue,BalaclavaMask_Black
ExpansionTraderBaty.Boats|1638.451538 2.820000 8561.757813|-170.999985 0.000000 -0.000000|NavyUniformPants,Raincoat_Orange,Wellies_Black,BeanieHat_Red,WorkingGloves_Black,Armband_Blue
ExpansionTraderFrancis.Fishing|1640.622925 2.820000 8560.110352|-90.000000 0.000000 -0.000000|GulagJacket_Grey,Jeans_Blue,HikingBoots_Brown,BoonieHat_Red,WorkingGloves_Brown,Shemag_White,Armband_Blue