ExpansionTraderJudy.Aircraft|6338.642578 303.431427 6090.714355|38.065155 0.000000 -0.000000|ZSh3PilotHelmet_Green,PilotJacket_Brown,CargoPants_Green,TTSKOBoots,OMNOGloves_Grey,AviatorGlasses,UKAssVest_Khaki,Armband_Blue,Shemag_Green
ExpansionTraderSeth.Attachments|6347.701172 303.418671 6085.909180|38.065155 0.000000 -0.000000|PolicePants_Orel,BushlatPoliceJacket_Blue,JungleBoots_Black,Ushanka_Black,TacticalGloves_Black,PoliceVest,Armband_Blue,Balaclava3Holes_Black
ExpansionTraderNiki.BuildingSupplies|6361.035645 303.430054 6107.266113|-141.934799 0.000000 -0.000000|FirefighterJacket_Beige,FirefightersPants_Beige,WorkingBoots_Brown,OMNOGloves_Brown,BalaclavaMask_Blackskull,Firefightershelmet_Red,Armband_Blue
ExpansionTraderDenis.Clothing|6352.117676 303.416687 6114.217285|-141.934799 0.000000 -0.000000|GorkaPants_Winter,ColdOperationBoots_Camo,GorkaEJacket_Winter,BallisticHelmet_Winter,TacticalGloves_Black,Balaclava3Holes_Green,SmershVest,Armband_Blue
ExpansionTraderMaria.Clothing_Accessories|6356.648438 303.424896 6110.654297|-141.934799 0.000000 -0.000000|Shirt_RedCheck,Jeans_Blue,HikingBoots_Brown,DarkMotoHelmet_YellowScarred,Armband_Blue,PressVest_LightBlue
ExpansionTraderQuinn.Consumables|6347.849609 303.416687 6117.511230|-141.934799 0.000000 -0.000000|HuntingJacket_Winter,Jeans_Blue,TTSKOBoots,Headdress_Wolf,Armband_Blue,BalaclavaMask_Black,LeatherGloves_Brown,ChestHolster
ExpansionTraderManua.Exchange|6357.600586 303.414917 6092.954102|-51.934826 0.000000 -0.000000|NBCBootsYellow,NBCHoodYellow,NBCPantsYellow,GasMask,NBCGlovesYellow,NBCJacketYellow,Armband_Blue,PressVest_Blue
ExpansionTraderEva.Medicals|6343.207031 303.438293 6121.350586|-141.970673 0.000000 -0.000000|Labcoat,ParamedicPants_Blue,SurgicalGloves_Blue,WorkingBoots_Brown,Armband_Blue,BalaclavaMask_Black,WitchHat
ExpansionTraderJose.Spraycans|6331.950195 303.438690 6102.503906|-24.934818 0.000000 -0.000000|TracksuitJacket_LightBlue,TrackSuitPants_LightBlue,AthleticShoes_Black,Armband_Blue,NioshFaceMask,BeanieHat_Black,WorkingGloves_Brown
ExpansionTraderLinda.Special|6351.101074 303.421356 6083.227051|38.065155 0.000000 -0.000000|HikingJacket_Red,CargoPants_Grey,WorkingBoots_Brown,Armband_Blue,BalaclavaMask_Black,SkiGoggles_BlackYellow,Sherpahat_red
ExpansionTraderRolf.Vehicles|6326.766602 303.439423 6102.098633|38.065159 0.000000 -0.000000|JumpsuitJacket_Red,JumpsuitPants_Red,WorkingBoots_Brown,Armband_Blue,BalaclavaMask_Black,CowboyHat_Brown,WorkingGloves_Black
ExpansionTraderKeiko.Vehicle_Parts|6322.317871 303.428986 6105.637207|47.065189 0.000000 -0.000000|JumpsuitJacket_Gray,JumpsuitPants_Grey,WorkingBoots_Brown,Armband_Blue,BalaclavaMask_Black,TankerHelmet,OMNOGloves_Brown,
ExpansionTraderNaomi.Weapons|6344.380859 303.423370 6088.479980|38.065159 0.000000 -0.000000|MilitarySweater_NoPatch,GorkaPants_PautRev,JungleBoots_Black,Ssh68Helmet,PlateCarrierVest,TacticalGloves_Green,Armband_Blue,BalaclavaMask_Black
ExpansionTraderBaty.Boats|5319.076172 174.496368 9453.971680|-61.739838 0.000000 -0.000000|NavyUniformPants,Raincoat_Orange,Wellies_Black,BeanieHat_Red,WorkingGloves_Black,Armband_Blue
ExpansionTraderFrancis.Fishing|5316.361328 174.490738 9451.939453|19.260048 0.000000 -0.000000|GulagJacket_Grey,Jeans_Blue,HikingBoots_Brown,BoonieHat_Red,WorkingGloves_Brown,Shemag_White,Armband_Blue