ExpansionTraderJudy.Aircraft|4943.475 9.515 2451.003|152.68 -0.0 0.0|ZSh3PilotHelmet_Green,PilotJacket_Brown,CargoPants_Green,TTSKOBoots,OMNOGloves_Grey,AviatorGlasses,UKAssVest_Khaki,Armband_Blue,Shemag_Green
ExpansionTraderSeth.Attachments|4932.863281 9.985767 2486.819092|131.00000 0.0 0.0|PolicePantsOrel,BushlatPoliceJacket_Blue,JungleBoots_Black,Ushanka_Black,TacticalGloves_Black,PoliceVest,Armband_Blue,Balaclava3Holes_Black
ExpansionTraderNiki.BuildingSupplies|4943.517090 9.985765 2476.680664|-40.263607 0.0 0.0|FirefighterJacket_Beige,FirefightersPants_Beige,WorkingBoots_Brown,OMNOGloves_Brown,BalaclavaMask_Blackskull,Firefightershelmet_Red,Armband_Blue
ExpansionTraderDenis.Clothing|4944.690430 9.985765 2471.458984|76.411362 0.0 0.0|GorkaPants_Winter,ColdOperationBoots_Camo,GorkaEJacket_Winter,BallisticHelmet_Winter,TacticalGloves_Black,Balaclava3Holes_Green,SmershVest,Armband_Blue
ExpansionTraderMaria.Clothing_Accessories|4948.153320 9.985765 2475.123291|171.121750 0.0 0.0|Shirt_RedCheck,Jeans_Blue,HikingBoots_Brown,DarkMotoHelmet_YellowScarred,Armband_Blue,PressVest_LightBlue
ExpansionTraderQuinn.Consumables|4933.792 9.986 2473.199|32.56 0.0 0.0|HuntingJacket_Winter,Jeans_Blue,TTSKOBoots,Headdress_Wolf,Armband_Blue,BalaclavaMask_Black,LeatherGloves_Brown,ChestHolster
ExpansionTraderManua.Exchange|4948.251465 9.985765 2467.165771|49.640953 -0.0 0.0|NBCBootsYellow,NBCHoodYellow,NBCPantsYellow,GasMask,NBCGlovesYellow,NBCJacketYellow,Armband_Blue,PressVest_Blue
ExpansionTraderHelga.Medicals|4935.326 9.515 2441.320|60.00 0.0 0.0|Labcoat,ParamedicPants_Blue,SurgicalGloves_Blue,WorkingBoots_Brown,Armband_Blue,BalaclavaMask_Black,WitchHat
ExpansionTraderJose.Spraycans|4959.042480 9.514892 2430.199951|-35.450863 0.0 0.0|TracksuitJacket_LightBlue,TrackSuitPants_LightBlue,AthleticShoes_Black,Armband_Blue,NioshFaceMask,BeanieHat_Black,WorkingGloves_Brown
ExpansionTraderLinda.Special|4945.705078 9.985765 2478.283691|-35.450863 0.0 0.0|HikingJacket_Red,CargoPants_Grey,WorkingBoots_Brown,Armband_Blue,BalaclavaMask_Black,SkiGoggles_BlackYellow,Sherpahat_red
ExpansionTraderRolf.Vehicles|4952.366 9.515 2429.842|-0.59 0.0 0.0|JumpsuitJacket_Red,JumpsuitPants_Red,WorkingBoots_Brown,Armband_Blue,BalaclavaMask_Black,CowboyHat_Brown,WorkingGloves_Black
ExpansionTraderNaomi.Vehicle_Parts|4961.522949 9.514892 2432.395508|-49.288826 0.0 0.0|JumpsuitJacket_Gray,JumpsuitPants_Grey,WorkingBoots_Brown,Armband_Blue,BalaclavaMask_Black,TankerHelmet,OMNOGloves_Brown,
ExpansionTraderIndar.Weapons|4928.018066 9.985767 2482.472168|135.00000 0.0 0.0|MilitarySweater_NoPatch,GorkaPants_PautRev,JungleBoots_Black,Ssh68Helmet,PlateCarrierVest,TacticalGloves_Green,Armband_Blue,BalaclavaMask_Black